Duplicated file found; will not be sent for synthesis: /home/chenxuhao/NutShell_U250_copy/fpga/board/pynq/build/cxhU250-pynq/cxhU250-pynq.gen/sources_1/bd/system_top/ipshared/fcfc/hdl/xlconstant_v1_1_vl_rfs.v
Duplicated file found; will not be sent for synthesis: /home/chenxuhao/NutShell_U250_copy/fpga/board/pynq/build/cxhU250-pynq/cxhU250-pynq.gen/sources_1/bd/system_top/ipshared/fcfc/hdl/xlconstant_v1_1_vl_rfs.v
Duplicated file found; will not be sent for synthesis: /home/chenxuhao/NutShell_U250_copy/fpga/board/pynq/build/cxhU250-pynq/cxhU250-pynq.gen/sources_1/bd/system_top/ipshared/fcfc/hdl/xlconstant_v1_1_vl_rfs.v
Duplicated file found; will not be sent for synthesis: /home/chenxuhao/NutShell_U250_copy/fpga/board/pynq/build/cxhU250-pynq/cxhU250-pynq.gen/sources_1/bd/system_top/ipshared/fcfc/hdl/xlconstant_v1_1_vl_rfs.v
Duplicated file found; will not be sent for synthesis: /home/chenxuhao/NutShell_U250_copy/fpga/board/pynq/build/cxhU250-pynq/cxhU250-pynq.gen/sources_1/bd/system_top/ipshared/fcfc/hdl/xlconstant_v1_1_vl_rfs.v
Duplicated file found; will not be sent for synthesis: /home/chenxuhao/NutShell_U250_copy/fpga/board/pynq/build/cxhU250-pynq/cxhU250-pynq.gen/sources_1/bd/system_top/ipshared/fcfc/hdl/xlconstant_v1_1_vl_rfs.v
Duplicated file found; will not be sent for synthesis: /home/chenxuhao/NutShell_U250_copy/fpga/board/pynq/build/cxhU250-pynq/cxhU250-pynq.gen/sources_1/bd/system_top/ipshared/fcfc/hdl/xlconstant_v1_1_vl_rfs.v
CRC performance measure: elapsed=00:00:00s;;memory_peak=15074.949MB;;memory_gain=0.000MB
